WWWWWWWWWWWWWWWWWW
W g a W  A W     W
W     W    W     W
W     W    W     W
W     W    W     W
W     W    W     W
W     W    W     W
W                W
W                W
W       m        W
WWWWWWWWWWWWWWWWWW
                  
                  
                  
WWWWWWWWWWWWWWWWWW
W       m        W
W                W
W                W
W     W    W     W
W     W    W     W
W     W    W     W
W     W    W     W
W     W    W     W
W g a W A  W     W
WWWWWWWWWWWWWWWWWW
                  
                  
                  
WWWWWWWWWWWWWWWWWW
W     W  A W g a W
W     W    W     W
W     W    W     W
W     W    W     W
W     W    W     W
W                W
W                W
W       m        W
WWWWWWWWWWWWWWWWWW
                  
                  
                  
WWWWWWWWWWWWWWWWWW
W        m       W
W                W
W     W    W     W
W     W    W     W
W     W A  W g a W
WWWWWWWWWWWWWWWWWW
                  
                  
                  
WWWWWWWWWWWWWWWWWW
W                W
W  a             W
W                W
WWWWWW           W
W            m   W
W A              W
WWWWW            W
W g              W
W                W
WWWWWWWWWWWWWWWWWW
                  
                  
                  
WWWWWWWWWWWWWWWWWW
W                W
W                W
W                W
W                W
Wg               W
WWWWWWWWWWWW     W
W                W
W A             mW
W                W
WWWWWWWWWWWW     W
W                W
Wa               W
W                W
W                W
W                W
W                W
WWWWWWWWWWWWWWWWWW