WWWWWWWWWWWWWWWWWWWWWWWWWWWWWWWWWWWWWWWW
W                                      W
W                                      W
W            bbbbb          bbbbb      W
W            bbgbbb         bbmbb      W
W            bbbbb          bbbbb      W
W            bbbbb          bbbbb      W
W                           bbmbb      W
W                 bbbbb       bbbbb    W
W                 bbabb                W
W                 bbabb                W
W                                 bbbbbW
W                                 bbgbbW
W                                 bbbbbW
W         A               bbbbb        W
W         bbbbb           bbmbb        W
W         bbbbb            bbbbb       W
W         bbabb                        W
W         bbbbb                        W
W         bbbbb         bbbbb          W
W                       bbgbb          W
W    m                   bbbbb         W
W             bbb                      W
W             bmb                      W
W             bbb                      W
W                   bbbbb              W
W                   bbgbb              W
W                   bbbbb         bbbbbW
W                                 bbabbW
W                                 bbabbW
W                                      W
W             bbbbb                    W
W             bbbbb                    W
W             bbabb                    W
W             bbbbb                    W
W                                      W
W                                      W
W                                      W
W                                      W
WWWWWWWWWWWWWWWWWWWWWWWWWWWWWWWWWWWWWWWW