WWWWWWWWWWWWWWWWWWWWWWWWWWWWWWWWWWWWWWWWWWWWWWWWWWWWWWWWWWWWWWWWWWWWWWWWWWWWWWWWW
W                                      W W                                      W
W  A    m                              W W      m                               W
W              b              b        W W              b              b        W
W             bgb            bmb       W W             bgb            bmb       W
W              b              b        W W              b              b        W
W      b                  b            W W      b                  b            W
W     bmb               bmb            W W     bmb               bmb            W
W      b            b    b             W W      b            b    b             W
W                  bab                 W W                  bab                 W
W                   b              b   W W                   b              b   W
W                                 bgb  W W                                 bgb  W
W                                  b   W W                                  b   W
W                             b        W W                             b        W
W                            bmb       W W         A                  bmb       W
W                             b        W W                             b        W
W         b                            W W         b                            W
W        bab                           W W        bab                           W
W         b              b             W W         b              b             W
W                       bgb            W W                       bgb            W
W                        b    b        W W                        b    b        W
W                            bmb       W W                            bmb       W
W              b              b        W W                             b        W
W              b                       W W              b                       W
W             bmb                      W W             bmb                      W
W              b                       W W              b                       W
W                   b                  W W                   b                  W
W                  bgb                 W W                  bgb                 W
W                   b              b   W W                   b              b   W
W                                 bab  W W                                 bab  W
W                                  b   W W                                  b   W
W              b                                        b                       W
W             bab                                      bab                      W
W              b    b                                   b    b                  W
W                  bgb                                      bgb                 W
W                   b                                        b                  W
W                                                                               W
W                                                                               W
W                                                                               W
W                                                                               W
W                                        WWWWWWWWWWWWWWWWWWWWWWWWWWWWWWWWWWWWWWWW
W                                      W W                                      W
W  A    m                              W W      m                               W
W              b              b        W W              b              b        W
W             bgb            bmb       W W             bgb            bmb       W
W              b              b        W W              b              b        W
W      b                  b            W W      b                  b            W
W     bmb               bmb            W W     bmb               bmb            W
W      b            b    b             W W      b            b    b             W
W                  bab                 W W                  bab                 W
W                   b              b   W W                   b              b   W
W                                 bgb  W W                                 bgb  W
W                                  b   W W                                  b   W
W                             b        W W                             b        W
W                            bmb       W W         A                  bmb       W
W                             b        W W                             b        W
W         b                            W W         b                            W
W        bab                           W W        bab                           W
W         b              b             W W         b              b             W
W                       bgb            W W                       bgb            W
W                        b    b        W W                        b    b        W
W                            bmb       W W                            bmb       W
W                             b        W W                             b        W
W              b                       W W              b                       W
W             bmb                      W W             bmb                      W
W              b                       W W              b                       W
W                   b                  W W                   b                  W
W                  bgb                 W W                  bgb                 W
W                   b              b   W W                   b              b   W
W                                 bab  W W                                 bab  W
W                                  b   W W                                  b   W
W              b                                        b                       W
W             bab                                      bab                      W
W              b    b                                   b    b                  W
W                  bgb                                      bgb                 W
W                   b                                        b                  W
W                                                                               W
W                                                                               W
W                                                                               W
WWWWWWWWWWWWWWWWWWWWWWWWWWWWWWWWWWWWWWWWWWWWWWWWWWWWWWWWWWWWWWWWWWWWWWWWWWWWWWWWW
W m           a  WWg              aWW     A        a WW    m           WW a A   W
WbbbbbbbbbbbbbbbbWW                WWbbbbbbbbbbbbbbbbWWbbbbbbbbbbbbbbbbWWbbbbbbbW
W                WW                WWbbbbbbbbbbbbbbbbWW   m         g  WWbbbbbbbW
WbbbbbbbbbbbbbbbbWW     a      g   WW                WW                WW   m   W
WbbbbbbbbbbbbbbbbWW                WWbbbbbbbbbbbbbbbbWWbbbbbbbbbbbbbbbbWW       W
W        A       WW                WW                WW                WWbbbbbbbW
W                WWg              aWW   g         m  WWbbbbbbbbbbbbbbbbWW       W
W                WW          m     WW                WWbbbbbbbbbbbbbbbbWW  g    W
WbbbbbbbbbbbbbbbbWW g              WWbbbbbbbbbbbbbbbbWWbbbbbbbbbbbbbbbbWWbbbbbb W
WbbbbbbbbbbbbbbbbWW                WW                WW             a  WW       W
W                WW  m             WW                WW                WW       W
W        g       WW        A      mWW a              WW a      A       WW  a    W
WWWWWWWWWWWWWWWWWWWWWWWWWWWWWWWWWWWWWWWWWWWWWWWWWWWWWWWWWWWWWWWWWWWWWWWWWWWWWWWWW
Wmb    b A   m   WW A   m W m  ba  WW  b        bm   WW       b   bm    W       W
WbA    b         WW     g W     b  WW  ab   A    b   WW  b   bAb   b    W   A   W
W   b  b     g   WWbbbbbbbWbbb   bbWW  b        b    WW  ab   b    b    W       W
Wa    gb a       WW  a    W A    a WW          bg    WW           bg     W      W                                          
WWWWWWWWWWWWWWWWWWWWWWWWWWWWWWWWWWWWWWWWWWWWWWWWWWWWWWWWWWWWWWWWWWWWWWWWWWWWWWWWW